a. Show DB parameters:
**********************

SQL> show parameter dg_broker

NAME                                 TYPE        VALUE
------------------------------------ ----------- ------------------------------
dg_broker_config_file1               string      +DATA/DBSDU_TSE/dr1dbsdu_tse.d
                                                 at
dg_broker_config_file2               string      +DATA/DBSDU_TSE/dr2dbsdu_tse.d
                                                 at
dg_broker_start                      boolean     TRUE

SQL> show parameter log_archive_config

NAME                                 TYPE        VALUE
------------------------------------ ----------- ------------------------------
log_archive_config                   string      dg_config=(DBSDU_TSE,DBSDU_fra
                                                 2bw)

SQL> show parameter log_archive_dest_2

NAME                                 TYPE        VALUE
------------------------------------ ----------- ------------------------------
log_archive_dest_2                   string      service="DBSDU_fra2bw", ASYNC
                                                 NOAFFIRM delay=0 optional comp
                                                 ression=disable max_failure=0
                                                 reopen=300 db_unique_name="DBS
                                                 DU_fra2bw" net_timeout=30, val
                                                 id_for=(online_logfile,all_rol
                                                 es)

SQL> show parameter standby_file

NAME                                 TYPE        VALUE
------------------------------------ ----------- ------------------------------
standby_file_management              string      AUTO




--- Show the configuration:

[oracle@dbcn ~]$ dgmgrl
DGMGRL for Linux: Release 21.0.0.0.0 - Production on Mon Jul 5 07:32:10 2021
Version 21.1.0.0.0

Copyright (c) 1982, 2020, Oracle and/or its affiliates.  All rights reserved.

Welcome to DGMGRL, type "help" for information.
DGMGRL> connect sys/AaZZ0r_cle#1 as sysdba
Connected to "DBSDU_TSE"
Connected as SYSDBA.
DGMGRL> show configuration

Configuration - DBSDU_TSE_DBSDU_fra2bw

  Protection Mode: MaxPerformance
  Members:
  DBSDU_TSE    - Primary database
    DBSDU_fra2bw - Physical standby database


--- Show database properties !!!

DGMGRL> show database verbose DBSDU_fra2bw

Database - DBSDU_fra2bw

  Role:                PHYSICAL STANDBY
  Intended State:      APPLY-ON
  Transport Lag:       0 seconds (computed 9 seconds ago)
  Apply Lag:           0 seconds (computed 9 seconds ago)
  Average Apply Rate:  11.00 KByte/s
  Active Apply Rate:   1.19 MByte/s
  Maximum Apply Rate:  1.77 MByte/s
  Real Time Query:     ON
  Instance(s):
    DBSDU

  Properties:
    DGConnectIdentifier             = 'DBSDU_fra2bw'
    ObserverConnectIdentifier       = ''
    FastStartFailoverTarget         = ''
    PreferredObserverHosts          = ''
    LogShipping                     = 'ON'
    RedoRoutes                      = ''
    LogXptMode                      = 'ASYNC'
    DelayMins                       = '0'
    Binding                         = 'optional'
    MaxFailure                      = '0'
    ReopenSecs                      = '300'
    NetTimeout                      = '30'
    RedoCompression                 = 'DISABLE'
    PreferredApplyInstance          = ''
    ApplyInstanceTimeout            = '0'
    ApplyLagThreshold               = '30'
    TransportLagThreshold           = '30'
    TransportDisconnectedThreshold  = '30'
    ApplyParallel                   = 'AUTO'
    ApplyInstances                  = '0'
    ArchiveLocation                 = ''
    AlternateLocation               = ''
    StandbyArchiveLocation          = ''
    StandbyAlternateLocation        = ''
    InconsistentProperties          = '(monitor)'
    InconsistentLogXptProps         = '(monitor)'
    LogXptStatus                    = '(monitor)'
    SendQEntries                    = '(monitor)'
    RecvQEntries                    = '(monitor)'
    HostName                        = 'dbcnsby'
    StaticConnectIdentifier         = '(DESCRIPTION=(ADDRESS=(PROTOCOL=tcp)(HOST=dbcnsby)(PORT=1521))(CONNECT_DATA=(SERVICE_NAME=DBSDU_fra2bw_DGMGRL.sub06221433571.skynet.oraclevcn.com)(INSTANCE_NAME=DBSDU)(SERVER=DEDICATED)))'
    TopWaitEvents                   = '(monitor)'
    SidName                         = '(monitor)'

  Log file locations:
    Alert log               : /u01/app/oracle/diag/rdbms/dbsdu_fra2bw/DBSDU/trace/alert_DBSDU.log
    Data Guard Broker log   : /u01/app/oracle/diag/rdbms/dbsdu_fra2bw/DBSDU/trace/drcDBSDU.log

Database Status:
SUCCESS


DGMGRL> EDIT DATABASE 'DBSDU_fra2bw' SET PROPERTY LogXptMode='SYNC';
Property "logxptmode" updated

DGMGRL> show database 'DBSDU_fra2bw' 'LogXptMode';
  LogXptMode = 'SYNC'

DGMGRL> show database 'DBSDU_TSE' 'LogXptMode';
  LogXptMode = 'ASYNC'

DGMGRL> EDIT DATABASE 'DBSDU_TSE' SET PROPERTY LogXptMode='SYNC';
Property "logxptmode" updated
DGMGRL> show database 'DBSDU_TSE' 'LogXptMode';
  LogXptMode = 'SYNC'


DGMGRL> show configuration

Configuration - DBSDU_TSE_DBSDU_fra2bw

  Protection Mode: MaxPerformance
  Members:
  DBSDU_TSE    - Primary database
    DBSDU_fra2bw - Physical standby database

Fast-Start Failover:  Disabled

Configuration Status:
SUCCESS   (status updated 23 seconds ago)

DGMGRL> EDIT CONFIGURATION SET PROTECTION MODE AS MAXAVAILABILITY;
Succeeded.
DGMGRL> show configuration

Configuration - DBSDU_TSE_DBSDU_fra2bw

  Protection Mode: MaxAvailability
  Members:
  DBSDU_TSE    - Primary database
    DBSDU_fra2bw - Physical standby database

Fast-Start Failover:  Disabled

Configuration Status:
SUCCESS   (status updated 31 seconds ago)

DGMGRL>

--- Back in MAX PERFORMANCE !!!

DGMGRL> EDIT CONFIGURATION SET PROTECTION MODE AS MAXPERFORMANCE;
Succeeded.
DGMGRL> EDIT DATABASE 'DBSDU_TSE' SET PROPERTY LogXptMode='ASYNC';
Property "logxptmode" updated
DGMGRL> EDIT DATABASE 'DBSDU_fra2bw' SET PROPERTY LogXptMode='ASYNC';
Property "logxptmode" updated
DGMGRL> show database 'DBSDU_fra2bw' 'LogXptMode';
  LogXptMode = 'ASYNC'
DGMGRL> show database 'DBSDU_TSE' 'LogXptMode';
  LogXptMode = 'ASYNC'
DGMGRL> show configuration

Configuration - DBSDU_TSE_DBSDU_fra2bw

  Protection Mode: MaxPerformance
  Members:
  DBSDU_TSE    - Primary database
    DBSDU_fra2bw - Physical standby database

Fast-Start Failover:  Disabled

Configuration Status:
SUCCESS   (status updated 33 seconds ago)

DGMGRL>

--- Switchover !!!
--- From the primary site !!!


DGMGRL> show configuration

Configuration - DBSDU_TSE_DBSDU_fra2bw

  Protection Mode: MaxPerformance
  Members:
  DBSDU_TSE    - Primary database
    DBSDU_fra2bw - Physical standby database

Fast-Start Failover:  Disabled

Configuration Status:
SUCCESS   (status updated 21 seconds ago)

DGMGRL>

DGMGRL> validate database DBSDU_fra2bw

  Database Role:     Physical standby database
  Primary Database:  DBSDU_TSE

  Ready for Switchover:  Yes
  Ready for Failover:    Yes (Primary Running)

  Managed by Clusterware:
    DBSDU_TSE   :  YES
    DBSDU_fra2bw:  YES

  Parameter Settings:
    Parameter                       DBSDU_TSE Value          DBSDU_fra2bw Value
    DB_BLOCK_CHECKING               FULL                     FULL
    DB_BLOCK_CHECKSUM               FULL                     FULL
    DB_LOST_WRITE_PROTECT           TYPICAL                  TYPICAL

DGMGRL>

DGMGRL> switchover to DBSDU_fra2bw
2021-07-05T08:03:11.979+00:00
Performing switchover NOW, please wait...

2021-07-05T08:03:14.188+00:00
Operation requires a connection to database "DBSDU_fra2bw"
Connecting ...
Connected to "DBSDU_fra2bw"
Connected as SYSDBA.

2021-07-05T08:03:14.800+00:00
Continuing with the switchover...

2021-07-05T08:03:52.885+00:00
New primary database "DBSDU_fra2bw" is opening...

2021-07-05T08:03:52.885+00:00
Oracle Clusterware is restarting database "DBSDU_TSE" ...
Connected to "DBSDU_TSE"
Connected to "DBSDU_TSE"
2021-07-05T08:04:53.270+00:00
Switchover succeeded, new primary is "dbsdu_fra2bw"

2021-07-05T08:04:53.274+00:00
Switchover processing complete, broker ready.
DGMGRL>

DGMGRL> show configuration

Configuration - DBSDU_TSE_DBSDU_fra2bw

  Protection Mode: MaxPerformance
  Members:
  DBSDU_fra2bw - Primary database
    DBSDU_TSE    - Physical standby database

Fast-Start Failover:  Disabled

Configuration Status:
SUCCESS   (status updated 32 seconds ago)

DGMGRL> validate database DBSDU_TSE

  Database Role:     Physical standby database
  Primary Database:  DBSDU_fra2bw

  Ready for Switchover:  Yes
  Ready for Failover:    Yes (Primary Running)

  Managed by Clusterware:
    DBSDU_fra2bw:  YES
    DBSDU_TSE   :  YES

  Parameter Settings:
    Parameter                       DBSDU_fra2bw Value       DBSDU_TSE Value
    DB_BLOCK_CHECKING               FULL                     FULL
    DB_BLOCK_CHECKSUM               FULL                     FULL
    DB_LOST_WRITE_PROTECT           TYPICAL                  TYPICAL

DGMGRL>

--- Switchback !!!
--- Illustrating that a switchover can be issued from either the primary or the standby !!!

DGMGRL> switchover to DBSDU_TSE
2021-07-05T08:08:17.377+00:00
Performing switchover NOW, please wait...

2021-07-05T08:08:19.415+00:00
Operation requires a connection to database "DBSDU_TSE"
Connecting ...
Connected to "DBSDU_TSE"
Connected as SYSDBA.

2021-07-05T08:08:20.135+00:00
Continuing with the switchover...

2021-07-05T08:09:00.372+00:00
New primary database "DBSDU_TSE" is opening...

2021-07-05T08:09:00.372+00:00
Oracle Clusterware is restarting database "DBSDU_fra2bw" ...
Connected to "DBSDU_fra2bw"
Connected to "DBSDU_fra2bw"
2021-07-05T08:10:16.657+00:00
Switchover succeeded, new primary is "dbsdu_tse"

2021-07-05T08:10:16.667+00:00
Switchover processing complete, broker ready.
DGMGRL>

DGMGRL> show configuration

Configuration - DBSDU_TSE_DBSDU_fra2bw

  Protection Mode: MaxPerformance
  Members:
  DBSDU_TSE    - Primary database
    DBSDU_fra2bw - Physical standby database

Fast-Start Failover:  Disabled

Configuration Status:
SUCCESS   (status updated 2 seconds ago)

DGMGRL>

DGMGRL> validate database DBSDU_fra2bw

  Database Role:     Physical standby database
  Primary Database:  DBSDU_TSE

  Ready for Switchover:  Yes
  Ready for Failover:    Yes (Primary Running)

  Managed by Clusterware:
    DBSDU_TSE   :  YES
    DBSDU_fra2bw:  YES

  Standby Apply-Related Information:
    Apply State:      Running
    Apply Lag:        8 seconds (computed 7 seconds ago)
    Apply Delay:      0 minutes

  Parameter Settings:
    Parameter                       DBSDU_TSE Value          DBSDU_fra2bw Value
    DB_BLOCK_CHECKING               FULL                     FULL
    DB_BLOCK_CHECKSUM               FULL                     FULL
    DB_LOST_WRITE_PROTECT           TYPICAL                  TYPICAL

DGMGRL>

DGMGRL> show database DBSDU_fra2bw

Database - DBSDU_fra2bw

  Role:                PHYSICAL STANDBY
  Intended State:      APPLY-ON
  Transport Lag:       0 seconds (computed 2 seconds ago)
  Apply Lag:           0 seconds (computed 2 seconds ago)
  Average Apply Rate:  18.00 KByte/s
  Real Time Query:     ON
  Instance(s):
    DBSDU

Database Status:
SUCCESS


---- Failover !!!
---- We take the primary down, and perform a failover !
---- Failover must be issued from the standby !!!
---- It's a destructive operation, meaning that the former primary will need to be re-instated !!!
--- Re-instate can be performed from DG Broker, but Flashback database must be on on both DB !!!

--- On the primary and the standby, check flashback database is ON !!!

SQL> select open_mode, database_role, flashback_on from v$database;

OPEN_MODE            DATABASE_ROLE    FLASHBACK_ON
-------------------- ---------------- ------------------
READ WRITE           PRIMARY          YES

SQL> select open_mode, database_role, flashback_on from v$database;

OPEN_MODE            DATABASE_ROLE    FLASHBACK_ON
-------------------- ---------------- ------------------
READ ONLY WITH APPLY PHYSICAL STANDBY YES

--- Let's take the primary down !!!

[oracle@dbcn ~]$ srvctl stop database -d $(srvctl config database) -o abort
[oracle@dbcn ~]$ srvctl status database -d $(srvctl config database)
Instance DBSDU is not running on node dbcn
[oracle@dbcn ~]$

--- From the standby site, perform a failover !!!

[oracle@dbcnsby ~]$ dgmgrl
DGMGRL for Linux: Release 21.0.0.0.0 - Production on Mon Jul 5 10:08:39 2021
Version 21.1.0.0.0

Copyright (c) 1982, 2020, Oracle and/or its affiliates.  All rights reserved.

Welcome to DGMGRL, type "help" for information.
DGMGRL> connect sys/AaZZ0r_cle#1 as sysdba
Connected to "DBSDU_fra2bw"
Connected as SYSDBA.
DGMGRL> show configuration

Configuration - DBSDU_TSE_DBSDU_fra2bw

  Protection Mode: MaxPerformance
  Members:
  DBSDU_TSE    - Primary database
    Error: ORA-12514: TNS:listener does not currently know of service requested in connect descriptor

    DBSDU_fra2bw - Physical standby database

Fast-Start Failover:  Disabled

Configuration Status:
ERROR   (status updated 0 seconds ago)

DGMGRL>

DGMGRL> failover to DBSDU_fra2bw
2021-07-05T10:09:24.517+00:00
Performing failover NOW, please wait...

2021-07-05T10:10:30.450+00:00
Failover succeeded, new primary is "dbsdu_fra2bw".

2021-07-05T10:10:30.450+00:00
Failover processing complete, broker ready.
DGMGRL>

DGMGRL> show configuration

Configuration - DBSDU_TSE_DBSDU_fra2bw

  Protection Mode: MaxPerformance
  Members:
  DBSDU_fra2bw - Primary database
    DBSDU_TSE    - Physical standby database (disabled)
      ORA-16661: the standby database needs to be reinstated

Fast-Start Failover:  Disabled

Configuration Status:
SUCCESS   (status updated 13 seconds ago)

DGMGRL>

DGMGRL> validate database DBSDU_TSE
Error: ORA-16541: member is not enabled


--- The new standby needs to be re-instated !!!
--- First we start the new standby !!!
--- In a real case, we would need to restore/recover from a backup !!!

[oracle@dbcn ~]$ srvctl start database -d $(srvctl config database)
[oracle@dbcn ~]$ srvctl status database -d $(srvctl config database)
Instance DBSDU is running on node dbcn
[oracle@dbcn ~]$

--- Then we reinstate, from the primary site !!!

DGMGRL> reinstate database DBSDU_TSE
2021-07-05T10:15:02.566+00:00
Reinstating database "dbsdu_tse", please wait...

2021-07-05T10:16:48.943+00:00
Reinstatement of database "dbsdu_tse" succeeded

2021-07-05T10:16:48.943+00:00
Reinstate processing complete, broker ready.
DGMGRL>

DGMGRL> show configuration

Configuration - DBSDU_TSE_DBSDU_fra2bw

  Protection Mode: MaxPerformance
  Members:
  DBSDU_fra2bw - Primary database
    DBSDU_TSE    - Physical standby database

Fast-Start Failover:  Disabled

Configuration Status:
SUCCESS   (status updated 55 seconds ago)

DGMGRL> validate database DBSDU_TSE

  Database Role:     Physical standby database
  Primary Database:  DBSDU_fra2bw

  Ready for Switchover:  Yes
  Ready for Failover:    Yes (Primary Running)

  Managed by Clusterware:
    DBSDU_fra2bw:  YES
    DBSDU_TSE   :  YES

  Parameter Settings:
    Parameter                       DBSDU_fra2bw Value       DBSDU_TSE Value
    DB_BLOCK_CHECKING               FULL                     FULL
    DB_BLOCK_CHECKSUM               FULL                     FULL
    DB_LOST_WRITE_PROTECT           TYPICAL                  TYPICAL

DGMGRL> show database DBSDU_TSE

Database - DBSDU_TSE

  Role:                PHYSICAL STANDBY
  Intended State:      APPLY-ON
  Transport Lag:       0 seconds (computed 1 second ago)
  Apply Lag:           0 seconds (computed 1 second ago)
  Average Apply Rate:  64.00 KByte/s
  Real Time Query:     ON
  Instance(s):
    DBSDU

Database Status:
SUCCESS


--- We would perform a final switchback (optionally) !!!!

DGMGRL> switchover to DBSDU_TSE
2021-07-05T10:33:11.309+00:00
Performing switchover NOW, please wait...

2021-07-05T10:33:13.709+00:00
Operation requires a connection to database "DBSDU_TSE"
Connecting ...
Connected to "DBSDU_TSE"
Connected as SYSDBA.

2021-07-05T10:33:14.500+00:00
Continuing with the switchover...

2021-07-05T10:33:48.145+00:00
New primary database "DBSDU_TSE" is opening...

2021-07-05T10:33:48.146+00:00
Oracle Clusterware is restarting database "DBSDU_fra2bw" ...
Connected to "DBSDU_fra2bw"
Connected to "DBSDU_fra2bw"
2021-07-05T10:34:41.994+00:00
Switchover succeeded, new primary is "dbsdu_tse"

2021-07-05T10:34:42.002+00:00
Switchover processing complete, broker ready.
DGMGRL>

DGMGRL> show configuration

Configuration - DBSDU_TSE_DBSDU_fra2bw

  Protection Mode: MaxPerformance
  Members:
  DBSDU_TSE    - Primary database
    DBSDU_fra2bw - Physical standby database

Fast-Start Failover:  Disabled

Configuration Status:
SUCCESS   (status updated 16 seconds ago)

DGMGRL>

DGMGRL> show database DBSDU_fra2bw

Database - DBSDU_fra2bw

  Role:                PHYSICAL STANDBY
  Intended State:      APPLY-ON
  Transport Lag:       0 seconds (computed 2 seconds ago)
  Apply Lag:           0 seconds (computed 2 seconds ago)
  Average Apply Rate:  8.00 KByte/s
  Real Time Query:     ON
  Instance(s):
    DBSDU

Database Status:
SUCCESS

DGMGRL>








