[oracle@clu1cn1 ~]$ java -jar ords.war install advanced
This Oracle REST Data Services instance has not yet been configured.
Please complete the following prompts

Enter the location to store configuration data:/home/oracle/ORDS/config
Enter the name of the database server [localhost]:clu1cn1
Enter the database listen port [1521]:^C[oracle@clu1cn1 ~]$ ^C
[oracle@clu1cn1 ~]$ 
[oracle@clu1cn1 ~]$ 
[oracle@clu1cn1 ~]$ 
[oracle@clu1cn1 ~]$ 
[oracle@clu1cn1 ~]$ java -jar ords.war install advanced
Enter the name of the database server [localhost]:clu1cn-scan.dnslabel1.skynet.oraclevcn.com
Enter the database listen port [1521]:
Enter 1 to specify the database service name, or 2 to specify the database SID [1]:1
Enter the database service name:jsondb_fra19r.dnslabel1.skynet.oraclevcn.com
Enter 1 if you want to verify/install Oracle REST Data Services schema or 2 to skip this step [1]:1
Enter the database password for ORDS_PUBLIC_USER:
Confirm password:
Requires SYS AS SYSDBA to verify Oracle REST Data Services schema.

Enter the database password for SYS AS SYSDBA:
Confirm password:

Retrieving information...
Your database connection is to a CDB.  ORDS common user ORDS_PUBLIC_USER will be created in the CDB.  ORDS schema will be installed in the PDBs.
Root CDB$ROOT - create ORDS common user 
PDB PDB$SEED - install ORDS 18.3.0.r2701456 (mode is READ ONLY, open for READ/WRITE)
PDB JSONPDB - install ORDS 18.3.0.r2701456 

Enter 1 if you want to install ORDS or 2 to skip this step [1]:1
Enter the default tablespace for ORDS_METADATA [SYSAUX]:
Enter the temporary tablespace for ORDS_METADATA [TEMP]:
Enter the default tablespace for ORDS_PUBLIC_USER [SYSAUX]:
Enter the temporary tablespace for ORDS_PUBLIC_USER [TEMP]:
Enter 1 if you want to use PL/SQL Gateway or 2 to skip this step.
If using Oracle Application Express or migrating from mod_plsql then you must enter 1 [1]:2
Oct 10, 2018 10:15:01 AM  
INFO: reloaded pools: []


Installing Oracle REST Data Services version 18.3.0.r2701456 in CDB$ROOT
... Log file written to /home/oracle/ords_cdb_install_core_CDB_ROOT_2018-10-10_101503_00779.log
... Verified database prerequisites
... Created Oracle REST Data Services proxy user
Completed installation for Oracle REST Data Services version 18.3.0.r2701456. Elapsed time: 00:00:03.14 

Installing Oracle REST Data Services version 18.3.0.r2701456 in PDB$SEED
... Log file written to /home/oracle/ords_cdb_install_core_PDB_SEED_2018-10-10_101513_00148.log
... Verified database prerequisites
... Created Oracle REST Data Services schema
... Created Oracle REST Data Services proxy user
... Granted privileges to Oracle REST Data Services
... Created Oracle REST Data Services database objects
... Log file written to /home/oracle/ords_cdb_install_datamodel_PDB_SEED_2018-10-10_101544_00256.log
... Log file written to /home/oracle/ords_cdb_install_apex_PDB_SEED_2018-10-10_101547_00451.log
Completed installation for Oracle REST Data Services version 18.3.0.r2701456. Elapsed time: 00:00:36.575 

Installing Oracle REST Data Services version 18.3.0.r2701456 in JSONPDB
... Log file written to /home/oracle/ords_cdb_install_core_JSONPDB_2018-10-10_101551_00270.log
... Verified database prerequisites
... Created Oracle REST Data Services schema
... Created Oracle REST Data Services proxy user
... Granted privileges to Oracle REST Data Services
... Created Oracle REST Data Services database objects
... Log file written to /home/oracle/ords_cdb_install_datamodel_JSONPDB_2018-10-10_101617_00795.log
... Log file written to /home/oracle/ords_cdb_install_apex_JSONPDB_2018-10-10_101622_00089.log
Completed installation for Oracle REST Data Services version 18.3.0.r2701456. Elapsed time: 00:00:34.389 

Completed CDB installation for Oracle REST Data Services version 18.3.0.r2701456.
Total elapsed time: 00:01:21.895 

Enter 1 if you wish to start in standalone mode or 2 to exit [1]:1
Enter 1 if using HTTP or 2 if using HTTPS [1]:1
Enter the HTTP port [8080]:
2018-10-10 10:17:43.755:INFO::main: Logging initialized @446065ms to org.eclipse.jetty.util.log.StdErrLog
Oct 10, 2018 10:17:43 AM  
INFO: HTTP and HTTP/2 cleartext listening on port: 8080
Oct 10, 2018 10:17:43 AM  
INFO: Disabling document root because the specified folder does not exist: /home/oracle/ORDS/config/ords/standalone/doc_root
2018-10-10 10:17:44.355:INFO:oejs.Server:main: jetty-9.4.z-SNAPSHOT; built: 2018-05-03T15:56:21.710Z; git: daa59876e6f384329b122929e70a80934569428c; jvm 1.8.0_161-b12
2018-10-10 10:17:44.673:INFO:oejs.session:main: DefaultSessionIdManager workerName=node0
2018-10-10 10:17:44.673:INFO:oejs.session:main: No SessionScavenger set, using defaults
2018-10-10 10:17:44.674:INFO:oejs.session:main: node0 Scavenging every 660000ms
Oct 10, 2018 10:17:45 AM  
INFO: Creating Pool:|apex|pu|
Oct 10, 2018 10:17:45 AM  
INFO: Configuration properties for: |apex|pu|
cache.caching=false
cache.directory=/tmp/apex/cache
cache.duration=days
cache.expiration=7
cache.maxEntries=500
cache.monitorInterval=60
cache.procedureNameList=
cache.type=lru
db.hostname=clu1cn-scan.dnslabel1.skynet.oraclevcn.com
db.password=******
db.port=1521
db.servicename=jsondb_fra19r.dnslabel1.skynet.oraclevcn.com
db.username=ORDS_PUBLIC_USER
debug.debugger=false
debug.printDebugToScreen=false
error.keepErrorMessages=true
error.maxEntries=50
jdbc.DriverType=thin
jdbc.InactivityTimeout=1800
jdbc.InitialLimit=3
jdbc.MaxConnectionReuseCount=1000
jdbc.MaxLimit=10
jdbc.MaxStatementsLimit=10
jdbc.MinLimit=1
jdbc.statementTimeout=900
log.logging=false
log.maxEntries=50
misc.compress=
misc.defaultPage=apex
resource.templates.enabled=true
security.disableDefaultExclusionList=false
security.maxEntries=2000

Oct 10, 2018 10:17:45 AM  
WARNING: *** jdbc.MaxLimit in configuration |apex|pu| is using a value of 10, this setting may not be sized adequately for a production environment ***
Oct 10, 2018 10:17:45 AM  
WARNING: *** jdbc.InitialLimit in configuration |apex|pu| is using a value of 3, this setting may not be sized adequately for a production environment ***
Oct 10, 2018 10:17:45 AM  
INFO: Oracle REST Data Services initialized
Oracle REST Data Services version : 18.3.0.r2701456
Oracle REST Data Services server info: jetty/9.4.z-SNAPSHOT

2018-10-10 10:17:45.674:INFO:oejsh.ContextHandler:main: Started o.e.j.s.ServletContextHandler@294425a7{/ords,null,AVAILABLE}
2018-10-10 10:17:45.693:INFO:oejs.AbstractConnector:main: Started ServerConnector@6ad82709{HTTP/1.1,[http/1.1, h2c]}{0.0.0.0:8080}
2018-10-10 10:17:45.695:INFO:oejs.Server:main: Started @448005ms

^C2018-10-10 10:20:55.865:INFO:oejs.AbstractConnector:Thread-4: Stopped ServerConnector@6ad82709{HTTP/1.1,[http/1.1, h2c]}{0.0.0.0:8080}
2018-10-10 10:20:55.866:INFO:oejs.session:Thread-4: node0 Stopped scavenging
2018-10-10 10:20:55.876:INFO:oejsh.ContextHandler:Thread-4: Stopped o.e.j.s.ServletContextHandler@294425a7{/ords,null,UNAVAILABLE}
[oracle@clu1cn1 ~]$ 
[oracle@clu1cn1 ~]$ 
[oracle@clu1cn1 ~]$ nohup java -jar ords.war standalone &
[1] 19784
[oracle@clu1cn1 ~]$ nohup: ignoring input and appending output to `nohup.out'

[oracle@clu1cn1 ~]$ 
[oracle@clu1cn1 ~]$ 
[oracle@clu1cn1 ~]$ 
[oracle@clu1cn1 ~]$ jobs
[1]+  Running                 nohup java -jar ords.war standalone &
[oracle@clu1cn1 ~]$ 
[oracle@clu1cn1 ~]$ 
[oracle@clu1cn1 ~]$ 
[oracle@clu1cn1 ~]$ jobs
[1]+  Running                 nohup java -jar ords.war standalone &
[oracle@clu1cn1 ~]$ 
[oracle@clu1cn1 ~]$ 
[oracle@clu1cn1 ~]$ 
[oracle@clu1cn1 ~]$ 



--- Grant adicionales al esquema SH !!!

Ver nota MOS Intermitent ORA-00604: and ORA-01031: Insufficient Privileges, using RESTFul Services (Doc ID 2439386.1)

sqlplus sys/AaZZ0r_cle#1@JSONPDB as sysdba

grant select on ORDS_METADATA.ORDS_PARAMETERS to SH;
grant select on ORDS_METADATA.ORDS_SCHEMAS to SH;



